Initial parameter generation (in fit.py) finished.
   Iteration     Total nfev        Cost      Cost reduction    Step norm     Optimality   
       0              1         9.3389e+05                                    5.72e+06    
       1              2         6.8471e+05      2.49e+05       1.45e+02       4.81e+06    
       2              3         5.8355e+05      1.01e+05       7.28e+01       4.40e+06    
       3              4         5.2961e+05      5.39e+04       4.98e+01       4.17e+06    
       4              5         5.1858e+04      4.78e+05       4.84e+02       8.97e+05    
       5              6         8.6495e+03      4.32e+04       3.59e+02       1.49e+04    
       6              7         2.6126e+03      6.04e+03       1.73e+02       1.70e+04    
       7              8         1.0662e+03      1.55e+03       5.88e+01       7.88e+03    
       8              9         7.0015e+02      3.66e+02       2.78e+01       3.55e+03    
       9             10         6.2257e+02      7.76e+01       1.41e+01       1.22e+03    
      10             11         6.1649e+02      6.08e+00       4.74e+00       1.65e+02    
      11             12         6.1504e+02      1.45e+00       1.77e+01       1.82e+01    
      12             13         6.1473e+02      3.06e-01       7.33e+00       2.77e+00    
      13             14         6.1464e+02      9.69e-02       3.96e+00       8.10e-01    
      14             15         6.1460e+02      3.06e-02       1.97e+00       4.50e-01    
      15             16         6.1460e+02      9.73e-03       8.65e-01       2.17e-01    
      16             17         6.1459e+02      2.40e-03       2.50e-01       5.78e-02    
      17             18         6.1459e+02      2.55e-04       2.82e-02       7.24e-03    
      18             19         6.1459e+02      4.89e-06       3.54e-03       3.70e-03    
      19             20         6.1459e+02      2.61e-07       4.31e-03       6.35e-03    
`ftol` termination condition is satisfied.
Function evaluations 20, initial cost 9.3389e+05, final cost 6.1459e+02, first-order optimality 6.35e-03.
Saved /Users/donghanlee/work/projects/sbonest/results/auto_H_refit/fits/three_RF_start_03_result.txt and /Users/donghanlee/work/projects/sbonest/results/auto_H_refit/fits/three_RF_start_03_result.json
