Initial parameter generation (in fit.py) finished.
   Iteration     Total nfev        Cost      Cost reduction    Step norm     Optimality   
       0              1         9.5954e+05                                    5.74e+06    
       1              2         6.0596e+05      3.54e+05       5.29e+01       4.42e+06    
       2              3         5.5348e+05      5.25e+04       4.20e+01       4.17e+06    
       3              4         5.3040e+05      2.31e+04       4.34e+00       3.96e+06    
       4              5         5.2246e+05      7.94e+03       2.27e+00       4.01e+06    
       5              6         5.0934e+05      1.31e+04       5.82e+00       3.85e+06    
       6              7         5.0297e+05      6.37e+03       1.39e+00       3.83e+06    
       7              8         4.9776e+05      5.21e+03       1.12e+00       3.80e+06    
       8              9         4.9269e+05      5.07e+03       1.07e+00       3.78e+06    
       9             10         4.8790e+05      4.79e+03       1.05e+00       3.76e+06    
      10             11         4.8324e+05      4.66e+03       1.00e+00       3.74e+06    
      11             12         4.7882e+05      4.41e+03       9.82e-01       3.72e+06    
      12             13         4.7453e+05      4.29e+03       9.43e-01       3.71e+06    
      13             14         4.7004e+05      4.49e+03       1.47e+00       3.75e+06    
      14             15         4.5970e+05      1.03e+04       2.96e+00       3.60e+06    
      15             16         4.4927e+05      1.04e+04       2.41e+00       3.55e+06    
      16             17         4.4213e+05      7.14e+03       1.66e+00       3.52e+06    
      17             18         4.3544e+05      6.69e+03       1.61e+00       3.49e+06    
      18             19         4.2915e+05      6.29e+03       1.51e+00       3.47e+06    
      19             20         4.2323e+05      5.92e+03       1.47e+00       3.44e+06    
      20             21         4.1766e+05      5.57e+03       1.38e+00       3.42e+06    
      21             22         4.1239e+05      5.26e+03       1.34e+00       3.39e+06    
      22             23         4.0744e+05      4.96e+03       1.26e+00       3.37e+06    
      23             24         4.0273e+05      4.71e+03       1.23e+00       3.35e+06    
      24             25         3.9828e+05      4.44e+03       1.16e+00       3.33e+06    
      25             26         3.9405e+05      4.23e+03       1.14e+00       3.31e+06    
      26             27         3.9005e+05      4.00e+03       1.08e+00       3.29e+06    
      27             28         3.8622e+05      3.83e+03       1.05e+00       3.27e+06    
      28             29         3.8260e+05      3.63e+03       1.00e+00       3.26e+06    
      29             30         3.7886e+05      3.73e+03       1.06e+00       3.30e+06    
      30             31         3.6986e+05      9.00e+03       1.04e+01       3.15e+06    
      31             32         3.5899e+05      1.09e+04       3.20e+00       3.10e+06    
      32             33         3.5131e+05      7.68e+03       2.44e+00       3.06e+06    
      33             34         3.4402e+05      7.29e+03       2.34e+00       3.03e+06    
      34             35         3.3768e+05      6.34e+03       2.16e+00       3.00e+06    
      35             36         3.3161e+05      6.07e+03       2.07e+00       2.97e+06    
      36             37         3.2627e+05      5.34e+03       1.94e+00       2.94e+06    
      37             38         3.2110e+05      5.16e+03       1.87e+00       2.92e+06    
      38             39         3.1652e+05      4.58e+03       1.77e+00       2.90e+06    
      39             40         3.1207e+05      4.46e+03       1.71e+00       2.87e+06    
      40             41         3.0808e+05      3.99e+03       1.63e+00       2.85e+06    
      41             42         3.0418e+05      3.90e+03       1.58e+00       2.83e+06    
      42             43         3.0068e+05      3.51e+03       1.51e+00       2.82e+06    
      43             44         2.9723e+05      3.44e+03       1.47e+00       2.80e+06    
      44             45         2.9412e+05      3.12e+03       1.42e+00       2.78e+06    
      45             46         2.9105e+05      3.07e+03       1.38e+00       2.77e+06    
      46             47         2.8791e+05      3.14e+03       7.74e-01       2.81e+06    
      47             48         2.7991e+05      8.00e+03       2.12e+00       2.67e+06    
      48             49         2.7233e+05      7.58e+03       3.37e+00       2.63e+06    
      49             50         2.6883e+05      3.49e+03       1.80e+00       2.61e+06    
      50             51         2.6539e+05      3.44e+03       1.74e+00       2.59e+06    
      51             52         2.6232e+05      3.07e+03       1.69e+00       2.58e+06    
      52             53         2.5928e+05      3.04e+03       1.64e+00       2.56e+06    
      53             54         2.5655e+05      2.73e+03       1.59e+00       2.55e+06    
      54             55         2.5383e+05      2.72e+03       1.55e+00       2.53e+06    
      55             56         2.5138e+05      2.45e+03       1.51e+00       2.52e+06    
      56             57         2.4893e+05      2.45e+03       1.47e+00       2.51e+06    
      57             58         2.4652e+05      2.41e+03       5.74e-01       2.55e+06    
      58             59         2.4293e+05      3.59e+03       7.58e+00       2.53e+06    
      59             60         2.3436e+05      8.57e+03       4.44e+00       2.48e+06    
      60             61         2.2974e+05      4.62e+03       3.03e+00       2.46e+06    
      61             62         2.2507e+05      4.67e+03       2.93e+00       2.43e+06    
      62             63         2.2113e+05      3.94e+03       2.87e+00       2.41e+06    
      63             64         2.1715e+05      3.98e+03       2.78e+00       2.38e+06    
      64             65         2.1374e+05      3.41e+03       2.73e+00       2.36e+06    
      65             66         2.1029e+05      3.45e+03       2.64e+00       2.34e+06    
      66             67         2.0730e+05      2.99e+03       2.60e+00       2.32e+06    
      67             68         2.0427e+05      3.03e+03       2.53e+00       2.30e+06    
      68             69         2.0162e+05      2.65e+03       2.50e+00       2.29e+06    
      69             70         1.9892e+05      2.70e+03       2.43e+00       2.27e+06    
      70             71         1.9653e+05      2.38e+03       2.41e+00       2.26e+06    
      71             72         1.9411e+05      2.43e+03       2.35e+00       2.24e+06    
      72             73         1.9195e+05      2.16e+03       2.32e+00       2.23e+06    
      73             74         1.8974e+05      2.20e+03       2.28e+00       2.21e+06    
      74             75         1.8777e+05      1.97e+03       2.25e+00       2.20e+06    
      75             76         1.8575e+05      2.02e+03       2.21e+00       2.19e+06    
      76             77         1.8393e+05      1.82e+03       2.19e+00       2.18e+06    
      77             78         1.8207e+05      1.86e+03       2.15e+00       2.16e+06    
      78             79         1.8038e+05      1.69e+03       2.13e+00       2.15e+06    
      79             80         1.7866e+05      1.73e+03       2.10e+00       2.14e+06    
      80             81         1.7709e+05      1.57e+03       2.08e+00       2.13e+06    
      81             82         1.7548e+05      1.61e+03       2.06e+00       2.12e+06    
      82             83         1.7401e+05      1.47e+03       2.04e+00       2.11e+06    
      83             84         1.7250e+05      1.51e+03       2.01e+00       2.10e+06    
      84             85         1.7112e+05      1.38e+03       2.00e+00       2.09e+06    
      85             86         1.6970e+05      1.42e+03       1.98e+00       2.08e+06    
      86             87         1.6840e+05      1.30e+03       1.96e+00       2.07e+06    
      87             88         1.6706e+05      1.34e+03       1.94e+00       2.06e+06    
      88             89         1.6583e+05      1.23e+03       1.93e+00       2.05e+06    
      89             90         1.6456e+05      1.26e+03       1.91e+00       2.04e+06    
      90             91         1.6339e+05      1.17e+03       1.89e+00       2.04e+06    
      91             92         1.6219e+05      1.20e+03       1.88e+00       2.03e+06    
      92             93         1.6108e+05      1.12e+03       1.87e+00       2.02e+06    
      93             94         1.5994e+05      1.14e+03       1.85e+00       2.01e+06    
      94             95         1.5887e+05      1.06e+03       1.84e+00       2.01e+06    
      95             96         1.5779e+05      1.08e+03       1.82e+00       2.00e+06    
      96             97         1.5678e+05      1.02e+03       1.81e+00       1.99e+06    
      97             98         1.5574e+05      1.03e+03       1.79e+00       1.98e+06    
      98             99         1.5468e+05      1.06e+03       1.30e+01       1.96e+06    
      99             100        1.4789e+05      6.79e+03       1.45e+00       1.87e+06    
      100            101        1.3502e+05      1.29e+04       2.89e+01       1.77e+06    
      101            102        7.7253e+03      1.27e+05       6.94e+01       4.75e+04    
      102            103        2.6146e+03      5.11e+03       8.00e+01       2.71e+04    
      103            104        1.0279e+03      1.59e+03       4.42e+01       1.37e+04    
      104            105        6.5926e+02      3.69e+02       1.95e+01       2.62e+03    
      105            106        6.1763e+02      4.16e+01       3.63e+01       8.01e+02    
      106            107        6.1518e+02      2.46e+00       1.33e+01       3.45e+01    
      107            108        6.1475e+02      4.29e-01       6.31e+00       3.61e+00    
      108            109        6.1463e+02      1.15e-01       3.14e+00       1.85e+00    
      109            110        6.1460e+02      3.03e-02       1.50e+00       8.87e-01    
      110            111        6.1459e+02      7.53e-03       6.10e-01       4.28e-01    
      111            112        6.1459e+02      1.28e-03       2.15e-01       2.03e-01    
      112            113        6.1459e+02      1.07e-04       8.54e-02       8.46e-02    
      113            114        6.1459e+02      3.07e-06       1.84e-02       1.86e-02    
      114            115        6.1459e+02      4.94e-07       4.51e-03       9.30e-03    
`ftol` termination condition is satisfied.
Function evaluations 115, initial cost 9.5954e+05, final cost 6.1459e+02, first-order optimality 9.30e-03.
Saved /Users/donghanlee/work/projects/sbonest/results/auto_H_refit/fits/three_RF_start_01_result.txt and /Users/donghanlee/work/projects/sbonest/results/auto_H_refit/fits/three_RF_start_01_result.json
