Initial parameter generation (in fit.py) finished.
   Iteration     Total nfev        Cost      Cost reduction    Step norm     Optimality   
       0              1         9.3387e+05                                    5.60e+06    
       1              2         8.9692e+05      3.69e+04       7.55e+00       5.47e+06    
       2              3         8.6149e+05      3.54e+04       1.27e+00       5.17e+06    
       3              4         8.4751e+05      1.40e+04       3.43e+00       5.12e+06    
       4              5         8.3936e+05      8.15e+03       2.03e+00       5.10e+06    
       5              6         8.3169e+05      7.67e+03       1.94e+00       5.07e+06    
       6              7         8.2426e+05      7.43e+03       1.87e+00       5.04e+06    
       7              8         8.1724e+05      7.02e+03       1.79e+00       5.02e+06    
       8              9         8.0984e+05      7.39e+03       1.06e+00       5.05e+06    
       9             10         7.5001e+05      5.98e+04       5.88e+00       4.64e+06    
      10             11         7.1269e+05      3.73e+04       8.86e+00       4.51e+06    
      11             12         6.9875e+05      1.39e+04       3.43e+00       4.46e+06    
      12             13         6.8503e+05      1.37e+04       3.31e+00       4.41e+06    
      13             14         6.7225e+05      1.28e+04       3.18e+00       4.37e+06    
      14             15         6.5967e+05      1.26e+04       3.06e+00       4.32e+06    
      15             16         6.4792e+05      1.17e+04       2.95e+00       4.28e+06    
      16             17         6.3638e+05      1.15e+04       2.83e+00       4.24e+06    
      17             18         6.2557e+05      1.08e+04       2.73e+00       4.20e+06    
      18             19         6.1494e+05      1.06e+04       2.63e+00       4.16e+06    
      19             20         6.0497e+05      9.97e+03       2.54e+00       4.12e+06    
      20             21         5.9517e+05      9.80e+03       2.44e+00       4.08e+06    
      21             22         5.8595e+05      9.22e+03       2.36e+00       4.05e+06    
      22             23         5.7689e+05      9.06e+03       2.27e+00       4.02e+06    
      23             24         5.6836e+05      8.53e+03       2.19e+00       3.98e+06    
      24             25         5.5998e+05      8.38e+03       2.11e+00       3.95e+06    
      25             26         5.5207e+05      7.91e+03       2.04e+00       3.92e+06    
      26             27         5.4427e+05      7.79e+03       1.97e+00       3.89e+06    
      27             28         5.3691e+05      7.36e+03       1.90e+00       3.86e+06    
      28             29         5.2967e+05      7.25e+03       1.84e+00       3.83e+06    
      29             30         5.2280e+05      6.87e+03       1.78e+00       3.81e+06    
      30             31         5.1603e+05      6.77e+03       1.72e+00       3.78e+06    
      31             32         5.0960e+05      6.43e+03       1.67e+00       3.75e+06    
      32             33         5.0450e+05      5.10e+03       1.37e+00       3.77e+06    
      33             34         4.8912e+05      1.54e+04       1.07e+00       3.62e+06    
      34             35         4.8193e+05      7.19e+03       1.95e+00       3.59e+06    
      35             36         4.7938e+05      2.54e+03       6.64e-01       3.58e+06    
      36             37         4.7697e+05      2.41e+03       6.39e-01       3.57e+06    
      37             38         4.7461e+05      2.36e+03       6.28e-01       3.56e+06    
      38             39         4.7235e+05      2.26e+03       6.10e-01       3.55e+06    
      39             40         4.7013e+05      2.22e+03       6.00e-01       3.54e+06    
      40             41         4.6801e+05      2.12e+03       5.83e-01       3.54e+06    
      41             42         4.6636e+05      1.65e+03       6.72e-01       3.56e+06    
      42             43         4.5087e+05      1.55e+04       2.64e+00       3.43e+06    
      43             44         4.3135e+05      1.95e+04       5.68e+00       3.35e+06    
      44             45         4.2142e+05      9.93e+03       3.51e+00       3.31e+06    
      45             46         4.2016e+05      1.26e+03       4.47e-01       3.30e+06    
      46             47         4.1892e+05      1.24e+03       4.26e-01       3.30e+06    
      47             48         4.1776e+05      1.16e+03       4.19e-01       3.29e+06    
      48             49         4.1658e+05      1.18e+03       4.13e-01       3.29e+06    
      49             50         4.1547e+05      1.11e+03       4.06e-01       3.28e+06    
      50             51         4.1434e+05      1.13e+03       4.00e-01       3.28e+06    
      51             52         4.1328e+05      1.06e+03       3.93e-01       3.27e+06    
      52             53         4.1220e+05      1.08e+03       3.88e-01       3.27e+06    
      53             54         4.1111e+05      1.10e+03       4.73e-01       3.29e+06    
      54             55         3.9796e+05      1.31e+04       3.02e+00       3.22e+06    
      55             56         3.7879e+05      1.92e+04       6.57e+00       3.14e+06    
      56             57         3.6552e+05      1.33e+04       2.99e+00       3.07e+06    
      57             58         3.5155e+05      1.40e+04       3.14e+00       2.99e+06    
      58             59         3.1773e+05      3.38e+04       1.64e+01       2.83e+06    
      59             60         3.0417e+05      1.36e+04       1.03e+01       2.77e+06    
      60             61         2.9059e+05      1.36e+04       9.78e+00       2.70e+06    
      61             62         2.8088e+05      9.71e+03       9.53e+00       2.65e+06    
      62             63         2.7946e+05      1.42e+03       1.29e+00       2.64e+06    
      63             64         2.7820e+05      1.26e+03       1.26e+00       2.63e+06    
      64             65         2.7689e+05      1.31e+03       1.24e+00       2.63e+06    
      65             66         2.7569e+05      1.20e+03       1.23e+00       2.62e+06    
      66             67         2.7444e+05      1.24e+03       1.21e+00       2.61e+06    
      67             68         2.7330e+05      1.14e+03       1.20e+00       2.61e+06    
      68             69         2.7211e+05      1.18e+03       1.18e+00       2.60e+06    
      69             70         2.7102e+05      1.09e+03       1.17e+00       2.60e+06    
      70             71         2.7031e+05      7.11e+02       3.85e-01       2.61e+06    
      71             72         2.6272e+05      7.59e+03       9.93e+00       2.56e+06    
      72             73         2.5166e+05      1.11e+04       1.12e+01       2.50e+06    
      73             74         2.4353e+05      8.13e+03       1.08e+01       2.45e+06    
      74             75         2.3973e+05      3.80e+03       1.60e+00       2.46e+06    
      75             76         2.2297e+05      1.68e+04       1.92e+01       2.36e+06    
      76             77         2.1837e+05      4.60e+03       7.50e+00       2.33e+06    
      77             78         2.1388e+05      4.49e+03       7.31e+00       2.31e+06    
      78             79         2.1132e+05      2.56e+03       4.09e+00       2.29e+06    
      79             80         2.0910e+05      2.22e+03       3.47e+00       2.28e+06    
      80             81         2.0795e+05      1.15e+03       1.42e+01       2.27e+06    
      81             82         2.0297e+05      4.98e+03       8.26e-01       2.23e+06    
      82             83         1.9620e+05      6.77e+03       1.07e+01       2.19e+06    
      83             84         1.9121e+05      5.00e+03       8.22e-01       2.15e+06    
      84             85         1.8611e+05      5.10e+03       8.42e-01       2.12e+06    
      85             86         1.7396e+05      1.21e+04       2.32e+01       2.04e+06    
      86             87         1.3181e+05      4.21e+04       1.02e+01       1.75e+06    
      87             88         6.6338e+03      1.25e+05       6.33e+01       3.93e+04    
      88             89         1.6368e+03      5.00e+03       7.67e+01       2.61e+04    
      89             90         2.9733e+02      1.34e+03       4.14e+01       7.54e+03    
      90             91         2.5784e+01      2.72e+02       1.21e+01       2.96e+03    
      91             92         7.7360e-01      2.50e+01       4.08e+01       2.77e+02    
      92             93         1.9426e-02      7.54e-01       1.11e+01       1.36e+01    
      93             94         7.4307e-04      1.87e-02       2.36e+00       2.67e-01    
      94             95         2.4696e-05      7.18e-04       5.67e-01       1.31e-02    
      95             96         6.1477e-08      2.46e-05       1.20e-01       1.62e-03    
      96             97         4.4510e-13      6.15e-08       6.29e-03       1.52e-04    
      97             98         1.0383e-16      4.45e-13       1.69e-05       5.57e-07    
      98             99         1.0383e-16      0.00e+00       0.00e+00       5.57e-07    
`xtol` termination condition is satisfied.
Function evaluations 99, initial cost 9.3387e+05, final cost 1.0383e-16, first-order optimality 5.57e-07.
Saved /Users/donghanlee/work/projects/sbonest/results/auto_H_refit/fits/three_RF_exact_result.txt and /Users/donghanlee/work/projects/sbonest/results/auto_H_refit/fits/three_RF_exact_result.json
