Initial parameter generation (in fit.py) finished.
   Iteration     Total nfev        Cost      Cost reduction    Step norm     Optimality   
       0              1         9.5498e+05                                    5.74e+06    
       1              2         8.5427e+05      1.01e+05       1.96e+01       5.38e+06    
       2              3         7.8263e+05      7.16e+04       4.71e+01       5.09e+06    
       3              4         3.6728e+05      4.15e+05       7.69e+01       3.34e+06    
       4              5         2.9453e+05      7.28e+04       3.63e+01       2.96e+06    
       5              6         2.5834e+05      3.62e+04       1.93e+01       2.76e+06    
       6              7         2.3294e+05      2.54e+04       1.77e+01       2.61e+06    
       7              8         2.1550e+05      1.74e+04       1.24e+01       2.50e+06    
       8              9         2.0104e+05      1.45e+04       1.18e+01       2.41e+06    
       9             10         1.9007e+05      1.10e+04       8.90e+00       2.34e+06    
      10             11         1.8012e+05      9.95e+03       8.54e+00       2.27e+06    
      11             12         1.5195e+05      2.82e+04       8.07e+00       2.07e+06    
      12             13         8.4594e+03      1.43e+05       1.22e+02       1.63e+05    
      13             14         2.4120e+03      6.05e+03       1.05e+02       1.54e+04    
      14             15         1.0157e+03      1.40e+03       5.24e+01       9.50e+03    
      15             16         6.7438e+02      3.41e+02       2.64e+01       5.42e+03    
      16             17         6.1891e+02      5.55e+01       1.19e+01       9.91e+02    
      17             18         6.1659e+02      2.32e+00       4.71e+00       4.98e+01    
      18             19         6.1491e+02      1.68e+00       2.15e+01       2.37e+01    
      19             20         6.1468e+02      2.27e-01       6.47e+00       2.42e+00    
      20             21         6.1462e+02      6.06e-02       3.00e+00       6.30e-01    
      21             22         6.1460e+02      2.00e-02       1.48e+00       3.42e-01    
      22             23         6.1459e+02      6.03e-03       5.80e-01       1.34e-01    
      23             24         6.1459e+02      1.19e-03       1.27e-01       2.94e-02    
      24             25         6.1459e+02      7.31e-05       8.46e-03       6.61e-03    
      25             26         6.1459e+02      6.73e-07       2.78e-03       2.74e-03    
      26             28         6.1459e+02      2.00e-07       2.58e-03       8.90e-03    
`ftol` termination condition is satisfied.
Function evaluations 28, initial cost 9.5498e+05, final cost 6.1459e+02, first-order optimality 8.90e-03.
Saved /Users/donghanlee/work/projects/sbonest/results/auto_H_refit/fits/three_RF_result.txt and /Users/donghanlee/work/projects/sbonest/results/auto_H_refit/fits/three_RF_result.json
