Initial parameter generation (in fit.py) finished.
   Iteration     Total nfev        Cost      Cost reduction    Step norm     Optimality   
       0              1         9.6259e+05                                    5.74e+06    
       1              2         7.6163e+05      2.01e+05       4.29e+01       5.03e+06    
       2              3         5.9436e+05      1.67e+05       3.18e+01       4.38e+06    
       3              4         5.3150e+05      6.29e+04       1.58e+01       4.12e+06    
       4              5         4.8499e+05      4.65e+04       4.01e+01       3.88e+06    
       5              6         4.2665e+05      5.83e+04       1.54e+01       3.62e+06    
       6              7         3.8656e+05      4.01e+04       1.34e+01       3.43e+06    
       7              8         3.5922e+05      2.73e+04       9.63e+00       3.30e+06    
       8              9         3.3693e+05      2.23e+04       8.98e+00       3.19e+06    
       9             10         3.1999e+05      1.69e+04       7.09e+00       3.10e+06    
      10             11         3.0532e+05      1.47e+04       6.73e+00       3.02e+06    
      11             12         2.9102e+05      1.43e+04       3.74e+00       2.90e+06    
      12             13         2.6780e+05      2.32e+04       4.42e+00       2.71e+06    
      13             14         2.6014e+05      7.66e+03       3.40e+00       2.67e+06    
      14             15         2.5454e+05      5.60e+03       2.60e+00       2.64e+06    
      15             16         2.4975e+05      4.79e+03       2.45e+00       2.61e+06    
      16             17         2.4507e+05      4.68e+03       2.34e+00       2.58e+06    
      17             18         2.4101e+05      4.06e+03       2.23e+00       2.56e+06    
      18             19         2.3703e+05      3.98e+03       2.14e+00       2.54e+06    
      19             20         2.3353e+05      3.50e+03       2.05e+00       2.52e+06    
      20             21         2.3008e+05      3.45e+03       1.97e+00       2.50e+06    
      21             22         2.2663e+05      3.45e+03       6.69e+00       2.50e+06    
      22             23         2.2337e+05      3.26e+03       1.89e+00       2.48e+06    
      23             24         2.2041e+05      2.95e+03       1.70e+00       2.47e+06    
      24             25         2.1776e+05      2.65e+03       1.65e+00       2.45e+06    
      25             26         2.1512e+05      2.64e+03       1.60e+00       2.43e+06    
      26             27         2.1273e+05      2.39e+03       1.55e+00       2.42e+06    
      27             28         2.1035e+05      2.39e+03       1.51e+00       2.40e+06    
      28             29         2.0818e+05      2.16e+03       1.47e+00       2.39e+06    
      29             30         2.0601e+05      2.17e+03       1.43e+00       2.38e+06    
      30             31         2.0371e+05      2.30e+03       1.26e+01       2.33e+06    
      31             32         2.0196e+05      1.75e+03       1.40e+00       2.32e+06    
      32             33         2.0054e+05      1.42e+03       1.12e+00       2.31e+06    
      33             34         1.9923e+05      1.31e+03       1.10e+00       2.30e+06    
      34             35         1.9790e+05      1.33e+03       1.07e+00       2.29e+06    
      35             36         1.9667e+05      1.23e+03       1.06e+00       2.28e+06    
      36             37         1.9543e+05      1.24e+03       1.03e+00       2.27e+06    
      37             38         1.9428e+05      1.15e+03       1.02e+00       2.27e+06    
      38             39         1.9311e+05      1.16e+03       9.93e-01       2.26e+06    
      39             40         1.9197e+05      1.14e+03       5.48e-01       2.28e+06    
      40             41         1.8827e+05      3.71e+03       2.49e+00       2.19e+06    
      41             42         1.8677e+05      1.50e+03       5.64e-01       2.22e+06    
      42             43         1.8086e+05      5.91e+03       5.23e+00       2.08e+06    
      43             44         1.7695e+05      3.91e+03       3.42e+00       2.05e+06    
      44             45         1.7464e+05      2.31e+03       2.49e+00       2.04e+06    
      45             46         1.7234e+05      2.30e+03       2.39e+00       2.02e+06    
      46             47         1.7027e+05      2.07e+03       2.36e+00       2.01e+06    
      47             48         1.6822e+05      2.05e+03       2.28e+00       1.99e+06    
      48             49         1.6635e+05      1.87e+03       2.25e+00       1.98e+06    
      49             50         1.6450e+05      1.85e+03       2.17e+00       1.97e+06    
      50             51         1.6280e+05      1.70e+03       2.15e+00       1.96e+06    
      51             52         1.6111e+05      1.69e+03       2.08e+00       1.95e+06    
      52             53         1.5955e+05      1.56e+03       2.05e+00       1.94e+06    
      53             54         1.5800e+05      1.55e+03       1.99e+00       1.93e+06    
      54             55         1.5642e+05      1.58e+03       4.20e-01       1.96e+06    
      55             56         1.5502e+05      1.40e+03       2.00e+00       1.95e+06    
      56             57         1.5371e+05      1.31e+03       1.82e+00       1.94e+06    
      57             58         1.5250e+05      1.21e+03       1.80e+00       1.93e+06    
      58             59         1.5127e+05      1.23e+03       1.77e+00       1.93e+06    
      59             60         1.5013e+05      1.14e+03       1.76e+00       1.92e+06    
      60             61         1.4898e+05      1.15e+03       1.73e+00       1.91e+06    
      61             62         1.4791e+05      1.08e+03       1.72e+00       1.90e+06    
      62             63         1.4682e+05      1.09e+03       1.70e+00       1.89e+06    
      63             64         1.4579e+05      1.02e+03       1.69e+00       1.89e+06    
      64             65         1.4476e+05      1.03e+03       1.67e+00       1.88e+06    
      65             66         1.4379e+05      9.72e+02       1.66e+00       1.87e+06    
      66             67         1.4281e+05      9.81e+02       1.64e+00       1.86e+06    
      67             68         1.4188e+05      9.28e+02       1.63e+00       1.86e+06    
      68             69         1.4095e+05      9.34e+02       1.61e+00       1.85e+06    
      69             70         1.4006e+05      8.86e+02       1.60e+00       1.84e+06    
      70             71         1.3916e+05      8.95e+02       1.60e+00       1.84e+06    
      71             72         1.3831e+05      8.52e+02       1.58e+00       1.83e+06    
      72             73         1.3745e+05      8.61e+02       1.58e+00       1.82e+06    
      73             74         1.3663e+05      8.22e+02       1.57e+00       1.82e+06    
      74             75         1.3580e+05      8.27e+02       1.56e+00       1.81e+06    
      75             76         1.3501e+05      7.92e+02       1.55e+00       1.81e+06    
      76             77         1.3421e+05      8.00e+02       1.55e+00       1.80e+06    
      77             78         1.3344e+05      7.69e+02       1.54e+00       1.79e+06    
      78             79         1.3267e+05      7.75e+02       1.55e+00       1.79e+06    
      79             80         4.7097e+04      8.56e+04       2.77e+01       1.00e+06    
      80             81         3.2134e+03      4.39e+04       8.08e+01       4.72e+04    
      81             82         1.0896e+03      2.12e+03       4.08e+01       3.81e+04    
      82             83         6.6190e+02      4.28e+02       1.67e+01       9.06e+02    
      83             84         6.1620e+02      4.57e+01       5.25e+01       9.14e+02    
      84             85         6.1491e+02      1.28e+00       8.76e+00       2.63e+02    
      85             86         6.1467e+02      2.48e-01       2.88e+00       7.08e+00    
      86             87         6.1461e+02      5.80e-02       1.65e+00       1.77e+00    
      87             88         6.1460e+02      1.27e-02       8.07e-01       8.78e-01    
      88             89         6.1459e+02      2.43e-03       3.81e-01       3.69e-01    
      89             90         6.1459e+02      3.98e-04       1.67e-01       1.68e-01    
      90             91         6.1459e+02      4.71e-05       6.41e-02       6.41e-02    
      91             92         6.1459e+02      3.26e-06       2.00e-02       3.08e-02    
      92             93         6.1459e+02      3.03e-07       6.77e-03       6.54e-03    
`ftol` termination condition is satisfied.
Function evaluations 93, initial cost 9.6259e+05, final cost 6.1459e+02, first-order optimality 6.54e-03.
Saved /Users/donghanlee/work/projects/sbonest/results/auto_H_refit/fits/three_RF_start_02_result.txt and /Users/donghanlee/work/projects/sbonest/results/auto_H_refit/fits/three_RF_start_02_result.json
