Initial parameter generation (in fit.py) finished.
   Iteration     Total nfev        Cost      Cost reduction    Step norm     Optimality   
       0              1         6.5180e+05                                    3.80e+06    
       1              2         5.8538e+05      6.64e+04       1.89e+01       3.58e+06    
       2              3         5.3134e+05      5.40e+04       5.00e+01       3.37e+06    
       3              4         2.7330e+05      2.58e+05       6.91e+01       2.32e+06    
       4              5         2.2025e+05      5.30e+04       3.03e+01       2.06e+06    
       5              6         1.9269e+05      2.76e+04       1.65e+01       1.92e+06    
       6              7         1.7304e+05      1.97e+04       1.50e+01       1.81e+06    
       7              8         1.5953e+05      1.35e+04       1.07e+01       1.74e+06    
       8              9         1.4847e+05      1.11e+04       1.00e+01       1.67e+06    
       9             10         1.4001e+05      8.46e+03       7.76e+00       1.62e+06    
      10             11         1.3250e+05      7.51e+03       7.41e+00       1.57e+06    
      11             12         1.2506e+05      7.44e+03       3.08e+00       1.46e+06    
      12             13         1.2165e+05      3.41e+03       3.61e+00       1.44e+06    
      13             14         1.1837e+05      3.28e+03       3.44e+00       1.42e+06    
      14             15         1.1559e+05      2.78e+03       3.10e+00       1.40e+06    
      15             16         1.1284e+05      2.75e+03       2.97e+00       1.38e+06    
      16             17         1.1047e+05      2.37e+03       2.72e+00       1.37e+06    
      17             18         1.0811e+05      2.37e+03       2.62e+00       1.35e+06    
      18             19         1.0604e+05      2.06e+03       2.42e+00       1.34e+06    
      19             20         1.0396e+05      2.08e+03       2.34e+00       1.32e+06    
      20             21         1.0213e+05      1.83e+03       2.19e+00       1.31e+06    
      21             22         1.0027e+05      1.86e+03       2.12e+00       1.30e+06    
      22             23         9.8429e+04      1.84e+03       1.02e+00       1.32e+06    
      23             24         9.6272e+04      2.16e+03       2.16e+00       1.31e+06    
      24             25         9.4057e+04      2.21e+03       2.11e+00       1.29e+06    
      25             26         9.1815e+04      2.24e+03       2.64e+00       1.23e+06    
      26             27         9.0305e+04      1.51e+03       1.87e+00       1.22e+06    
      27             28         8.8748e+04      1.56e+03       1.83e+00       1.21e+06    
      28             29         7.3556e+04      1.52e+04       1.72e+01       1.09e+06    
      29             30         1.1671e+04      6.19e+04       1.93e+02       2.46e+05    
      30             31         2.3661e+03      9.30e+03       1.48e+02       4.29e+03    
      31             32         9.2110e+02      1.44e+03       7.24e+01       1.30e+04    
      32             33         5.3019e+02      3.91e+02       3.47e+01       2.49e+03    
      33             34         4.2165e+02      1.09e+02       1.94e+01       1.45e+03    
      34             35         4.0444e+02      1.72e+01       8.04e+00       4.51e+02    
      35             36         4.0248e+02      1.96e+00       1.50e+01       3.13e+01    
      36             37         4.0166e+02      8.22e-01       1.27e+01       7.50e+00    
      37             38         4.0147e+02      1.84e-01       4.58e+00       2.73e+00    
      38             39         4.0142e+02      5.10e-02       1.61e+00       1.00e+00    
      39             40         4.0141e+02      8.87e-03       3.06e-01       2.05e-01    
      40             41         4.0141e+02      4.68e-04       1.64e-02       1.47e-02    
      41             42         4.0141e+02      5.13e-06       1.01e-03       2.28e-03    
      42             50         4.0141e+02      0.00e+00       0.00e+00       2.28e-03    
`xtol` termination condition is satisfied.
Function evaluations 50, initial cost 6.5180e+05, final cost 4.0141e+02, first-order optimality 2.28e-03.
Saved /Users/donghanlee/work/projects/sbonest/results/auto_H_refit/fits/two_RF_result.txt and /Users/donghanlee/work/projects/sbonest/results/auto_H_refit/fits/two_RF_result.json
