Initial parameter generation (in fit.py) finished.
   Iteration     Total nfev        Cost      Cost reduction    Step norm     Optimality   
       0              1         6.3222e+05                                    3.79e+06    
       1              2         4.6051e+05      1.72e+05       1.44e+02       3.18e+06    
       2              3         3.8979e+05      7.07e+04       7.08e+01       2.89e+06    
       3              4         3.5318e+05      3.66e+04       4.87e+01       2.74e+06    
       4              5         7.9175e+04      2.74e+05       3.58e+02       1.10e+06    
       5              6         4.6454e+03      7.45e+04       3.53e+02       2.49e+04    
       6              7         1.3016e+03      3.34e+03       9.31e+01       1.88e+04    
       7              8         5.9743e+02      7.04e+02       4.15e+01       5.65e+03    
       8              9         4.3296e+02      1.64e+02       2.22e+01       5.87e+03    
       9             10         4.0695e+02      2.60e+01       8.85e+00       9.39e+02    
      10             11         4.0153e+02      5.41e+00       3.87e+01       1.71e+02    
      11             12         4.0144e+02      9.82e-02       2.50e+00       9.36e+01    
      12             13         4.0141e+02      2.42e-02       6.12e-01       1.48e+01    
      13             14         4.0141e+02      1.40e-03       8.65e-02       3.73e-01    
      14             15         4.0141e+02      2.63e-04       9.40e-03       8.09e-03    
      15             16         4.0141e+02      1.86e-06       3.42e-03       7.51e-03    
      16             18         4.0141e+02      2.77e-08       1.29e-03       1.56e-03    
      17             22         4.0141e+02      1.58e-09       7.47e-06       3.49e-03    
`ftol` termination condition is satisfied.
Function evaluations 22, initial cost 6.3222e+05, final cost 4.0141e+02, first-order optimality 3.49e-03.
Saved /Users/donghanlee/work/projects/sbonest/results/auto_H_refit/fits/two_RF_start_03_result.txt and /Users/donghanlee/work/projects/sbonest/results/auto_H_refit/fits/two_RF_start_03_result.json
