Initial parameter generation (in fit.py) finished.
   Iteration     Total nfev        Cost      Cost reduction    Step norm     Optimality   
       0              1         6.5906e+05                                    3.81e+06    
       1              2         5.8200e+05      7.71e+04       2.27e+01       3.55e+06    
       2              3         4.1461e+05      1.67e+05       4.34e+01       2.92e+06    
       3              4         3.7596e+05      3.87e+04       4.42e+01       2.75e+06    
       4              5         3.6122e+05      1.47e+04       3.97e+00       2.69e+06    
       5              6         3.4629e+05      1.49e+04       3.73e+00       2.53e+06    
       6              7         3.4242e+05      3.87e+03       1.58e+00       2.57e+06    
       7              8         3.3041e+05      1.20e+04       2.87e+00       2.52e+06    
       8              9         3.2414e+05      6.26e+03       1.75e+00       2.49e+06    
       9             10         3.1820e+05      5.94e+03       1.65e+00       2.47e+06    
      10             11         3.1277e+05      5.43e+03       1.57e+00       2.45e+06    
      11             12         3.0760e+05      5.17e+03       1.49e+00       2.42e+06    
      12             13         3.0146e+05      6.14e+03       1.50e+00       2.33e+06    
      13             14         2.9435e+05      7.11e+03       2.49e+00       2.30e+06    
      14             15         2.8882e+05      5.53e+03       2.04e+00       2.27e+06    
      15             16         2.8367e+05      5.15e+03       1.94e+00       2.25e+06    
      16             17         2.7906e+05      4.61e+03       1.80e+00       2.23e+06    
      17             18         2.7471e+05      4.35e+03       1.73e+00       2.21e+06    
      18             19         2.7078e+05      3.93e+03       1.62e+00       2.19e+06    
      19             20         2.6704e+05      3.74e+03       1.56e+00       2.18e+06    
      20             21         2.6364e+05      3.40e+03       1.47e+00       2.16e+06    
      21             22         2.6039e+05      3.25e+03       1.42e+00       2.15e+06    
      22             23         2.5741e+05      2.98e+03       1.35e+00       2.14e+06    
      23             24         2.5454e+05      2.87e+03       1.30e+00       2.12e+06    
      24             25         2.5189e+05      2.64e+03       1.25e+00       2.11e+06    
      25             26         2.4933e+05      2.56e+03       1.21e+00       2.10e+06    
      26             27         2.4664e+05      2.69e+03       1.11e+00       2.13e+06    
      27             28         2.4297e+05      3.67e+03       1.38e+00       2.11e+06    
      28             29         2.3875e+05      4.21e+03       5.18e+00       2.03e+06    
      29             30         2.3358e+05      5.17e+03       2.46e+00       2.00e+06    
      30             31         2.2953e+05      4.05e+03       2.13e+00       1.98e+06    
      31             32         2.2564e+05      3.89e+03       2.03e+00       1.97e+06    
      32             33         2.2220e+05      3.44e+03       1.93e+00       1.95e+06    
      33             34         2.1888e+05      3.32e+03       1.84e+00       1.93e+06    
      34             35         2.1591e+05      2.97e+03       1.77e+00       1.92e+06    
      35             36         2.1303e+05      2.89e+03       1.69e+00       1.91e+06    
      36             37         2.1043e+05      2.60e+03       1.63e+00       1.89e+06    
      37             38         2.0789e+05      2.54e+03       1.57e+00       1.88e+06    
      38             39         2.0558e+05      2.30e+03       1.52e+00       1.87e+06    
      39             40         2.0332e+05      2.27e+03       1.47e+00       1.86e+06    
      40             41         2.0125e+05      2.06e+03       1.43e+00       1.85e+06    
      41             42         1.9922e+05      2.04e+03       1.38e+00       1.84e+06    
      42             43         1.9710e+05      2.11e+03       8.38e-01       1.87e+06    
      43             44         1.9335e+05      3.76e+03       4.01e+00       1.78e+06    
      44             45         1.9137e+05      1.98e+03       1.60e+00       1.77e+06    
      45             46         1.8953e+05      1.84e+03       6.45e-01       1.80e+06    
      46             47         1.7702e+05      1.25e+04       7.20e+00       1.66e+06    
      47             48         1.5741e+05      1.96e+04       1.52e+01       1.55e+06    
      48             49         1.4770e+05      9.71e+03       1.41e+01       1.50e+06    
      49             50         1.3760e+05      1.01e+04       1.35e+01       1.44e+06    
      50             51         1.3110e+05      6.50e+03       1.35e+01       1.40e+06    
      51             52         1.2422e+05      6.88e+03       1.34e+01       1.36e+06    
      52             53         1.1929e+05      4.93e+03       1.34e+01       1.33e+06    
      53             54         1.1406e+05      5.23e+03       1.35e+01       1.29e+06    
      54             55         1.1003e+05      4.03e+03       1.35e+01       1.27e+06    
      55             56         1.0578e+05      4.25e+03       1.39e+01       1.24e+06    
      56             57         5.6939e+03      1.00e+05       6.41e+01       3.68e+04    
      57             58         1.9652e+03      3.73e+03       7.29e+01       1.03e+04    
      58             59         6.8146e+02      1.28e+03       4.16e+01       1.12e+04    
      59             60         4.3590e+02      2.46e+02       1.79e+01       3.36e+03    
      60             61         4.0408e+02      3.18e+01       3.66e+01       5.80e+02    
      61             62         4.0198e+02      2.10e+00       1.60e+01       6.20e+01    
      62             63         4.0156e+02      4.23e-01       5.87e+00       4.41e+00    
      63             64         4.0144e+02      1.19e-01       2.32e+00       1.72e+00    
      64             65         4.0141e+02      2.40e-02       5.85e-01       6.59e-01    
      65             66         4.0141e+02      1.75e-03       8.62e-02       1.76e-01    
      66             67         4.0141e+02      1.40e-05       2.88e-03       7.04e-03    
      67             68         4.0141e+02      5.19e-07       3.97e-03       8.88e-03    
      68             69         4.0141e+02      4.51e-08       7.82e-04       1.69e-03    
`ftol` termination condition is satisfied.
Function evaluations 69, initial cost 6.5906e+05, final cost 4.0141e+02, first-order optimality 1.69e-03.
Saved /Users/donghanlee/work/projects/sbonest/results/auto_H_refit/fits/two_RF_start_02_result.txt and /Users/donghanlee/work/projects/sbonest/results/auto_H_refit/fits/two_RF_start_02_result.json
