Initial parameter generation (in fit.py) finished.
   Iteration     Total nfev        Cost      Cost reduction    Step norm     Optimality   
       0              1         6.5596e+05                                    3.81e+06    
       1              2         4.1404e+05      2.42e+05       5.17e+01       2.92e+06    
       2              3         3.7457e+05      3.95e+04       4.43e+01       2.75e+06    
       3              4         3.5858e+05      1.60e+04       3.85e+00       2.59e+06    
       4              5         3.4989e+05      8.68e+03       2.51e+00       2.55e+06    
       5              6         3.4471e+05      5.19e+03       1.50e+00       2.53e+06    
       6              7         3.3991e+05      4.80e+03       1.44e+00       2.51e+06    
       7              8         3.3532e+05      4.59e+03       1.37e+00       2.50e+06    
       8              9         3.3106e+05      4.26e+03       1.32e+00       2.48e+06    
       9             10         3.2698e+05      4.08e+03       1.25e+00       2.46e+06    
      10             11         3.2272e+05      4.26e+03       1.59e+00       2.50e+06    
      11             12         3.1554e+05      7.18e+03       1.42e+00       2.39e+06    
      12             13         3.0791e+05      7.63e+03       2.36e+00       2.36e+06    
      13             14         3.0260e+05      5.31e+03       1.63e+00       2.34e+06    
      14             15         2.9769e+05      4.91e+03       1.58e+00       2.32e+06    
      15             16         2.9307e+05      4.62e+03       1.47e+00       2.30e+06    
      16             17         2.8876e+05      4.30e+03       1.42e+00       2.28e+06    
      17             18         2.8470e+05      4.06e+03       1.33e+00       2.26e+06    
      18             19         2.8089e+05      3.81e+03       1.29e+00       2.25e+06    
      19             20         2.7728e+05      3.61e+03       1.21e+00       2.23e+06    
      20             21         2.7389e+05      3.39e+03       1.18e+00       2.22e+06    
      21             22         2.7067e+05      3.22e+03       1.11e+00       2.20e+06    
      22             23         2.6763e+05      3.05e+03       1.09e+00       2.19e+06    
      23             24         2.6473e+05      2.90e+03       1.03e+00       2.18e+06    
      24             25         2.6166e+05      3.06e+03       1.20e+00       2.21e+06    
      25             26         2.5678e+05      4.89e+03       6.38e+00       2.12e+06    
      26             27         2.5080e+05      5.98e+03       2.11e+00       2.09e+06    
      27             28         2.4668e+05      4.12e+03       1.46e+00       2.08e+06    
      28             29         2.4281e+05      3.87e+03       1.42e+00       2.06e+06    
      29             30         2.3921e+05      3.60e+03       1.32e+00       2.04e+06    
      30             31         2.3580e+05      3.40e+03       1.28e+00       2.02e+06    
      31             32         2.3261e+05      3.19e+03       1.20e+00       2.01e+06    
      32             33         2.2959e+05      3.03e+03       1.17e+00       2.00e+06    
      33             34         2.2674e+05      2.85e+03       1.10e+00       1.98e+06    
      34             35         2.2403e+05      2.71e+03       1.07e+00       1.97e+06    
      35             36         2.2147e+05      2.56e+03       1.01e+00       1.96e+06    
      36             37         2.1902e+05      2.45e+03       9.89e-01       1.95e+06    
      37             38         2.1649e+05      2.53e+03       9.49e-01       1.98e+06    
      38             39         2.1282e+05      3.67e+03       1.20e+00       1.96e+06    
      39             40         2.0853e+05      4.29e+03       4.45e+00       1.87e+06    
      40             41         2.0277e+05      5.76e+03       2.31e+00       1.84e+06    
      41             42         1.9868e+05      4.09e+03       1.74e+00       1.82e+06    
      42             43         1.9477e+05      3.91e+03       1.67e+00       1.80e+06    
      43             44         1.9130e+05      3.48e+03       1.54e+00       1.79e+06    
      44             45         1.8796e+05      3.34e+03       1.49e+00       1.77e+06    
      45             46         1.8496e+05      3.00e+03       1.39e+00       1.75e+06    
      46             47         1.8205e+05      2.90e+03       1.34e+00       1.74e+06    
      47             48         1.7942e+05      2.63e+03       1.26e+00       1.73e+06    
      48             49         1.7687e+05      2.56e+03       1.22e+00       1.71e+06    
      49             50         1.7454e+05      2.33e+03       1.15e+00       1.70e+06    
      50             51         1.7227e+05      2.27e+03       1.12e+00       1.69e+06    
      51             52         1.7019e+05      2.08e+03       1.07e+00       1.68e+06    
      52             53         1.6816e+05      2.04e+03       1.03e+00       1.67e+06    
      53             54         1.6629e+05      1.87e+03       9.90e-01       1.66e+06    
      54             55         1.6445e+05      1.84e+03       9.61e-01       1.65e+06    
      55             56         1.6262e+05      1.83e+03       6.76e-01       1.68e+06    
      56             57         1.5364e+05      8.98e+03       7.75e+00       1.53e+06    
      57             58         1.4586e+05      7.78e+03       4.14e+00       1.49e+06    
      58             59         1.4183e+05      4.03e+03       2.72e+00       1.47e+06    
      59             60         1.3782e+05      4.01e+03       2.58e+00       1.44e+06    
      60             61         1.3455e+05      3.27e+03       2.47e+00       1.43e+06    
      61             62         1.3128e+05      3.27e+03       2.34e+00       1.41e+06    
      62             63         1.2856e+05      2.72e+03       2.27e+00       1.39e+06    
      63             64         1.2582e+05      2.74e+03       2.14e+00       1.37e+06    
      64             65         1.2350e+05      2.33e+03       2.10e+00       1.36e+06    
      65             66         1.2115e+05      2.34e+03       1.99e+00       1.35e+06    
      66             67         1.1914e+05      2.02e+03       1.95e+00       1.33e+06    
      67             68         1.1710e+05      2.04e+03       1.86e+00       1.32e+06    
      68             69         1.1532e+05      1.78e+03       1.84e+00       1.31e+06    
      69             70         1.1352e+05      1.80e+03       1.76e+00       1.30e+06    
      70             71         1.1195e+05      1.58e+03       1.74e+00       1.29e+06    
      71             72         1.1035e+05      1.60e+03       1.67e+00       1.28e+06    
      72             73         1.0893e+05      1.41e+03       1.65e+00       1.27e+06    
      73             74         1.0749e+05      1.44e+03       1.60e+00       1.26e+06    
      74             75         1.0621e+05      1.28e+03       1.58e+00       1.25e+06    
      75             76         1.0491e+05      1.30e+03       1.53e+00       1.24e+06    
      76             77         1.0375e+05      1.16e+03       1.52e+00       1.24e+06    
      77             78         1.0257e+05      1.18e+03       1.47e+00       1.23e+06    
      78             79         1.0143e+05      1.14e+03       3.90e-01       1.25e+06    
      79             80         1.0033e+05      1.10e+03       1.46e+00       1.25e+06    
      80             81         9.9332e+04      9.93e+02       1.25e+00       1.24e+06    
      81             82         9.8442e+04      8.91e+02       1.24e+00       1.23e+06    
      82             83         9.7512e+04      9.30e+02       1.23e+00       1.23e+06    
      83             84         9.6675e+04      8.36e+02       1.22e+00       1.22e+06    
      84             85         9.5803e+04      8.72e+02       1.20e+00       1.22e+06    
      85             86         9.5017e+04      7.86e+02       1.20e+00       1.21e+06    
      86             87         9.4195e+04      8.22e+02       1.19e+00       1.20e+06    
      87             88         9.3452e+04      7.43e+02       1.18e+00       1.20e+06    
      88             89         9.2674e+04      7.78e+02       1.17e+00       1.19e+06    
      89             90         9.1969e+04      7.05e+02       1.17e+00       1.19e+06    
      90             91         9.1231e+04      7.38e+02       1.16e+00       1.18e+06    
      91             92         9.0560e+04      6.71e+02       1.15e+00       1.18e+06    
      92             93         8.9858e+04      7.01e+02       1.14e+00       1.17e+06    
      93             94         8.9219e+04      6.39e+02       1.14e+00       1.17e+06    
      94             95         8.8550e+04      6.69e+02       1.13e+00       1.16e+06    
      95             96         8.7938e+04      6.11e+02       1.13e+00       1.16e+06    
      96             97         8.7300e+04      6.39e+02       1.12e+00       1.15e+06    
      97             98         8.6715e+04      5.85e+02       1.12e+00       1.15e+06    
      98             99         8.6104e+04      6.11e+02       1.11e+00       1.15e+06    
      99             100        8.5543e+04      5.61e+02       1.10e+00       1.14e+06    
      100            101        8.4956e+04      5.87e+02       1.10e+00       1.14e+06    
      101            102        8.4416e+04      5.40e+02       1.10e+00       1.13e+06    
      102            103        8.3853e+04      5.63e+02       1.09e+00       1.13e+06    
      103            104        8.3333e+04      5.20e+02       1.09e+00       1.12e+06    
      104            105        8.2792e+04      5.41e+02       1.08e+00       1.12e+06    
      105            106        8.2291e+04      5.00e+02       1.08e+00       1.12e+06    
      106            107        8.1768e+04      5.23e+02       1.08e+00       1.11e+06    
      107            108        8.1283e+04      4.85e+02       1.07e+00       1.11e+06    
      108            109        8.0778e+04      5.05e+02       1.07e+00       1.10e+06    
      109            110        8.0309e+04      4.69e+02       1.06e+00       1.10e+06    
      110            111        7.9822e+04      4.87e+02       1.06e+00       1.10e+06    
      111            112        7.9369e+04      4.53e+02       1.05e+00       1.09e+06    
      112            113        7.8896e+04      4.73e+02       1.06e+00       1.09e+06    
      113            114        7.8455e+04      4.41e+02       1.05e+00       1.09e+06    
      114            115        7.7997e+04      4.59e+02       1.05e+00       1.08e+06    
      115            116        7.7568e+04      4.28e+02       1.04e+00       1.08e+06    
      116            117        7.7121e+04      4.47e+02       1.05e+00       1.08e+06    
      117            118        7.6703e+04      4.19e+02       1.04e+00       1.07e+06    
      118            119        7.6268e+04      4.35e+02       1.05e+00       1.07e+06    
      119            120        7.5860e+04      4.08e+02       1.04e+00       1.07e+06    
      120            121        7.5437e+04      4.23e+02       1.05e+00       1.06e+06    
      121            122        7.5038e+04      3.98e+02       1.04e+00       1.06e+06    
      122            123        7.4626e+04      4.13e+02       1.04e+00       1.06e+06    
      123            124        7.4237e+04      3.89e+02       1.04e+00       1.05e+06    
      124            125        7.3833e+04      4.03e+02       1.04e+00       1.05e+06    
      125            126        7.3452e+04      3.81e+02       1.04e+00       1.05e+06    
      126            127        7.3057e+04      3.95e+02       1.05e+00       1.04e+06    
      127            128        7.2683e+04      3.74e+02       1.04e+00       1.04e+06    
      128            129        7.2295e+04      3.88e+02       1.05e+00       1.04e+06    
      129            130        7.1928e+04      3.68e+02       1.04e+00       1.03e+06    
      130            131        7.1546e+04      3.82e+02       1.06e+00       1.03e+06    
      131            132        7.1183e+04      3.63e+02       1.05e+00       1.03e+06    
      132            133        7.0809e+04      3.74e+02       1.06e+00       1.03e+06    
      133            134        7.0452e+04      3.57e+02       1.05e+00       1.02e+06    
      134            135        7.0085e+04      3.67e+02       1.06e+00       1.02e+06    
      135            136        6.9735e+04      3.50e+02       1.06e+00       1.02e+06    
      136            137        6.9372e+04      3.64e+02       1.08e+00       1.01e+06    
      137            138        6.9024e+04      3.48e+02       1.07e+00       1.01e+06    
      138            139        6.8663e+04      3.60e+02       1.09e+00       1.01e+06    
      139            140        6.8318e+04      3.45e+02       1.09e+00       1.00e+06    
      140            141        6.7962e+04      3.56e+02       1.11e+00       1.00e+06    
      141            142        6.7620e+04      3.42e+02       1.10e+00       9.98e+05    
      142            143        6.7264e+04      3.56e+02       1.13e+00       9.95e+05    
      143            144        6.6922e+04      3.42e+02       1.12e+00       9.92e+05    
      144            145        6.6569e+04      3.53e+02       1.15e+00       9.89e+05    
      145            146        6.6228e+04      3.41e+02       1.14e+00       9.87e+05    
      146            147        6.5877e+04      3.51e+02       1.17e+00       9.83e+05    
      147            148        5.7140e+04      8.74e+03       4.66e+00       9.10e+05    
      148            149        1.3613e+04      4.35e+04       4.77e+01       4.17e+05    
      149            150        8.0923e+02      1.28e+04       6.78e+01       1.74e+04    
      150            151        4.4740e+02      3.62e+02       2.37e+01       1.34e+04    
      151            152        4.0923e+02      3.82e+01       5.28e+00       2.43e+02    
      152            153        4.0153e+02      7.70e+00       5.92e+01       1.81e+02    
      153            154        4.0147e+02      5.30e-02       2.77e-01       1.71e+02    
      154            155        4.0142e+02      4.76e-02       4.09e-01       4.74e+01    
      155            156        4.0141e+02      1.09e-02       2.63e-01       6.29e-01    
      156            157        4.0141e+02      3.51e-03       4.92e-01       1.02e+00    
      157            158        4.0141e+02      3.93e-06       7.98e-03       1.39e-02    
      158            159        4.0141e+02      1.12e-07       2.50e-03       5.56e-03    
`ftol` termination condition is satisfied.
Function evaluations 159, initial cost 6.5596e+05, final cost 4.0141e+02, first-order optimality 5.56e-03.
Saved /Users/donghanlee/work/projects/sbonest/results/auto_H_refit/fits/two_RF_start_01_result.txt and /Users/donghanlee/work/projects/sbonest/results/auto_H_refit/fits/two_RF_start_01_result.json
