Initial parameter generation (in fit.py) finished.
   Iteration     Total nfev        Cost      Cost reduction    Step norm     Optimality   
       0              1         6.3652e+05                                    3.70e+06    
       1              2         6.1104e+05      2.55e+04       7.73e+00       3.61e+06    
       2              3         5.9224e+05      1.88e+04       8.48e-01       3.43e+06    
       3              4         5.7781e+05      1.44e+04       5.16e+00       3.38e+06    
       4              5         5.6804e+05      9.77e+03       3.54e+00       3.35e+06    
       5              6         5.5909e+05      8.95e+03       3.28e+00       3.32e+06    
       6              7         5.5061e+05      8.48e+03       3.10e+00       3.29e+06    
       7              8         5.4278e+05      7.83e+03       2.90e+00       3.26e+06    
       8              9         5.3532e+05      7.46e+03       2.75e+00       3.24e+06    
       9             10         5.2839e+05      6.92e+03       2.58e+00       3.21e+06    
      10             11         5.2177e+05      6.63e+03       2.46e+00       3.19e+06    
      11             12         5.1559e+05      6.18e+03       2.32e+00       3.17e+06    
      12             13         5.0966e+05      5.93e+03       2.21e+00       3.15e+06    
      13             14         5.0411e+05      5.55e+03       2.10e+00       3.13e+06    
      14             15         4.9876e+05      5.35e+03       2.01e+00       3.11e+06    
      15             16         4.9374e+05      5.02e+03       1.91e+00       3.09e+06    
      16             17         4.8888e+05      4.86e+03       1.83e+00       3.08e+06    
      17             18         4.8431e+05      4.57e+03       1.75e+00       3.06e+06    
      18             19         4.7988e+05      4.43e+03       1.68e+00       3.04e+06    
      19             20         4.7569e+05      4.19e+03       1.61e+00       3.03e+06    
      20             21         4.7162e+05      4.07e+03       1.55e+00       3.01e+06    
      21             22         4.6733e+05      4.29e+03       9.32e-01       3.03e+06    
      22             23         4.2884e+05      3.85e+04       5.01e+00       2.75e+06    
      23             24         4.1290e+05      1.59e+04       5.83e+00       2.69e+06    
      24             25         4.1035e+05      2.55e+03       8.90e-01       2.68e+06    
      25             26         4.0787e+05      2.48e+03       8.47e-01       2.68e+06    
      26             27         4.0550e+05      2.37e+03       8.26e-01       2.67e+06    
      27             28         4.0313e+05      2.37e+03       8.06e-01       2.66e+06    
      28             29         4.0086e+05      2.27e+03       7.87e-01       2.65e+06    
      29             30         3.9859e+05      2.27e+03       7.68e-01       2.64e+06    
      30             31         3.9643e+05      2.17e+03       7.51e-01       2.63e+06    
      31             32         3.9426e+05      2.17e+03       7.33e-01       2.63e+06    
      32             33         3.9197e+05      2.29e+03       9.31e-01       2.65e+06    
      33             34         3.8228e+05      9.69e+03       2.19e+00       2.53e+06    
      34             35         3.6599e+05      1.63e+04       6.38e+00       2.47e+06    
      35             36         3.6355e+05      2.44e+03       7.55e-01       2.50e+06    
      36             37         3.4574e+05      1.78e+04       8.15e+00       2.32e+06    
      37             38         3.0922e+05      3.65e+04       1.48e+01       2.18e+06    
      38             39         2.9703e+05      1.22e+04       6.77e+00       2.13e+06    
      39             40         2.9470e+05      2.33e+03       7.15e-01       2.16e+06    
      40             41         2.8130e+05      1.34e+04       5.89e+00       2.10e+06    
      41             42         2.4417e+05      3.71e+04       1.83e+01       1.94e+06    
      42             43         2.3382e+05      1.04e+04       4.27e+00       1.90e+06    
      43             44         2.1837e+05      1.54e+04       1.62e+01       1.83e+06    
      44             45         2.1061e+05      7.77e+03       3.00e+00       1.79e+06    
      45             46         1.9204e+05      1.86e+04       1.79e+01       1.70e+06    
      46             47         1.8166e+05      1.04e+04       1.73e+01       1.65e+06    
      47             48         1.7353e+05      8.13e+03       1.24e+01       1.61e+06    
      48             49         1.6632e+05      7.22e+03       2.48e+00       1.57e+06    
      49             50         1.4874e+05      1.76e+04       3.45e+01       1.47e+06    
      50             51         1.4455e+05      4.19e+03       1.35e+01       1.45e+06    
      51             52         1.4065e+05      3.90e+03       1.24e+01       1.43e+06    
      52             53         1.4000e+05      6.44e+02       5.00e-01       1.44e+06    
      53             54         1.3673e+05      3.27e+03       9.66e+00       1.42e+06    
      54             55         1.3388e+05      2.85e+03       9.57e+00       1.40e+06    
      55             56         1.3190e+05      1.98e+03       6.59e+00       1.39e+06    
      56             57         1.3088e+05      1.02e+03       2.51e-01       1.38e+06    
      57             58         1.2985e+05      1.03e+03       2.52e-01       1.38e+06    
      58             59         1.2881e+05      1.04e+03       2.55e-01       1.37e+06    
      59             60         1.2776e+05      1.05e+03       2.57e-01       1.36e+06    
      60             61         1.2670e+05      1.07e+03       2.62e-01       1.36e+06    
      61             62         1.2562e+05      1.08e+03       2.65e-01       1.35e+06    
      62             63         1.2452e+05      1.10e+03       2.71e-01       1.34e+06    
      63             64         1.2342e+05      1.11e+03       2.74e-01       1.34e+06    
      64             65         1.2228e+05      1.13e+03       2.82e-01       1.33e+06    
      65             66         1.2113e+05      1.15e+03       2.87e-01       1.32e+06    
      66             67         1.1995e+05      1.18e+03       2.96e-01       1.32e+06    
      67             68         1.1876e+05      1.20e+03       3.02e-01       1.31e+06    
      68             69         1.1752e+05      1.24e+03       3.15e-01       1.30e+06    
      69             70         1.1626e+05      1.26e+03       3.23e-01       1.30e+06    
      70             71         1.1496e+05      1.31e+03       3.39e-01       1.29e+06    
      71             72         1.1362e+05      1.33e+03       3.50e-01       1.28e+06    
      72             73         1.1222e+05      1.40e+03       3.73e-01       1.27e+06    
      73             74         1.1079e+05      1.43e+03       3.87e-01       1.26e+06    
      74             75         1.0927e+05      1.52e+03       4.18e-01       1.25e+06    
      75             76         1.0771e+05      1.56e+03       4.37e-01       1.24e+06    
      76             77         1.0603e+05      1.68e+03       4.82e-01       1.23e+06    
      77             78         1.0430e+05      1.73e+03       5.08e-01       1.22e+06    
      78             79         1.0243e+05      1.88e+03       5.68e-01       1.21e+06    
      79             80         1.0050e+05      1.93e+03       6.04e-01       1.20e+06    
      80             81         9.8446e+04      2.05e+03       6.65e-01       1.18e+06    
      81             82         9.6353e+04      2.09e+03       7.08e-01       1.17e+06    
      82             83         9.4293e+04      2.06e+03       7.29e-01       1.16e+06    
      83             84         9.2239e+04      2.05e+03       7.63e-01       1.14e+06    
      84             85         9.0453e+04      1.79e+03       6.96e-01       1.13e+06    
      85             86         8.8721e+04      1.73e+03       7.06e-01       1.12e+06    
      86             87         8.7259e+04      1.46e+03       6.22e-01       1.11e+06    
      87             88         8.5867e+04      1.39e+03       6.15e-01       1.10e+06    
      88             89         8.4663e+04      1.20e+03       5.51e-01       1.09e+06    
      89             90         8.3526e+04      1.14e+03       5.38e-01       1.08e+06    
      90             91         8.2526e+04      1.00e+03       4.87e-01       1.07e+06    
      91             92         8.1582e+04      9.43e+02       4.71e-01       1.07e+06    
      92             93         8.0736e+04      8.46e+02       4.34e-01       1.06e+06    
      93             94         7.9936e+04      8.00e+02       4.19e-01       1.06e+06    
      94             95         7.9206e+04      7.29e+02       3.90e-01       1.05e+06    
      95             96         7.8510e+04      6.96e+02       3.79e-01       1.05e+06    
      96             97         7.7868e+04      6.43e+02       3.56e-01       1.04e+06    
      97             98         7.7254e+04      6.13e+02       3.45e-01       1.04e+06    
      98             99         7.6682e+04      5.72e+02       3.27e-01       1.03e+06    
      99             100        7.6135e+04      5.47e+02       3.18e-01       1.03e+06    
      100            101        7.5621e+04      5.14e+02       3.03e-01       1.02e+06    
      101            102        7.5126e+04      4.94e+02       2.94e-01       1.02e+06    
      102            103        7.4659e+04      4.68e+02       2.82e-01       1.02e+06    
      103            104        7.4209e+04      4.50e+02       2.74e-01       1.01e+06    
      104            105        7.3757e+04      4.52e+02       1.00e+01       1.00e+06    
      105            106        7.3089e+04      6.68e+02       4.19e-01       9.98e+05    
      106            107        7.2633e+04      4.56e+02       2.90e-01       9.95e+05    
      107            108        7.2200e+04      4.33e+02       2.79e-01       9.91e+05    
      108            109        7.1783e+04      4.17e+02       2.71e-01       9.88e+05    
      109            110        7.1385e+04      3.98e+02       2.62e-01       9.85e+05    
      110            111        7.1000e+04      3.85e+02       2.55e-01       9.82e+05    
      111            112        7.0631e+04      3.69e+02       2.47e-01       9.80e+05    
      112            113        7.0275e+04      3.56e+02       2.40e-01       9.77e+05    
      113            114        6.9927e+04      3.48e+02       1.84e+00       9.85e+05    
      114            115        6.7207e+04      2.72e+03       3.35e+00       9.61e+05    
      115            116        6.3848e+04      3.36e+03       2.48e+00       9.34e+05    
      116            117        2.8258e+04      3.56e+04       3.26e+01       6.00e+05    
      117            118        2.8407e+03      2.54e+04       7.18e+01       6.63e+04    
      118            119        6.9456e+02      2.15e+03       4.36e+01       8.48e+03    
      119            120        2.3690e+02      4.58e+02       2.20e+01       2.39e+03    
      120            121        4.1730e+01      1.95e+02       7.67e+00       5.41e+03    
      121            122        4.0171e+00      3.77e+01       5.51e+01       3.75e+02    
      122            123        4.5182e-02      3.97e+00       2.61e+00       1.92e+02    
      123            124        6.4881e-04      4.45e-02       1.36e+00       2.40e+00    
      124            125        4.1627e-06      6.45e-04       2.93e-01       3.48e-02    
      125            126        2.3821e-10      4.16e-06       2.54e-02       1.22e-03    
      126            127        9.2569e-17      2.38e-10       1.93e-04       1.23e-05    
      127            128        7.3212e-17      1.94e-17       1.52e-08       5.59e-07    
`xtol` termination condition is satisfied.
Function evaluations 128, initial cost 6.3652e+05, final cost 7.3212e-17, first-order optimality 5.59e-07.
Saved /Users/donghanlee/work/projects/sbonest/results/auto_H_refit/fits/two_RF_exact_result.txt and /Users/donghanlee/work/projects/sbonest/results/auto_H_refit/fits/two_RF_exact_result.json
